// Jest Snapshot v1, https://goo.gl/fbAQLP

exports[`normal for jsfile.js 1`] = `
"import { SetupContext } from "vue";

/******************************* NO TRANSLATE **********************************/
function component() {
  return function () {
    return <div></div>;
  };
}
const componentVal = function () {
  return function () {
    return <div></div>;
  };
};
const componentValNamed = function ComponentValNamed() {
  return function () {
    return <div></div>;
  };
};
function Component() {
  return function () {
    return <div></div>;
  };
}
function ComponentProps(props) {
  return function () {
    return <div></div>;
  };
}
function ComponentLocalProps(props) {
  return function () {
    return <div></div>;
  };
}
function ComponentWithin() {
  function Inner() {
    return 1;
  }
  return function () {
    return <div></div>;
  };
}
const ComponentValDefine = function () {
  return function () {
    return <div></div>;
  };
};
const ComponentValDefineWithName = function ComponentValDefineWithNameOfFn() {
  return function () {
    return <div></div>;
  };
};
export default function (props, ctx) {
  return function () {
    return <div>你好啊
            {props.a}
            {ctx.slots.default?.()?.[0]}
        </div>;
  };
}"
`;

exports[`normal for simple.tsx 1`] = `
"import { SetupContext, PropType, defineComponent } from "vue";
const VAL = {
  i: false,
  g: 1
};
type InnerTypes = typeof VAL;
type InnerType2 = {
  c: boolean;
  f: Function;
  fc: (a: InnerType2) => boolean;
};
export interface IProps {
  a: string;
  A: String;
  b: boolean;
  B: Boolean;
  c: number;
  C: Number;
  d: Array<string>;
  D: string[];
  e: Map<string, any>;
  E: {
    [key: string]: any;
  };
  f: InnerTypes;
  h: typeof VAL;
  i: Partial<typeof VAL>;
  j: Symbol;
  k: () => any;
  l: Function;
  m: InnerType2;
}

/******************************* NO TRANSLATE **********************************/
function component() {
  return function () {
    return <div></div>;
  };
}
const componentVal = function () {
  return function () {
    return <div></div>;
  };
};
const componentValNamed = function ComponentValNamed() {
  return function () {
    return <div></div>;
  };
};

/******************************* TRANSLATE **********************************/
const Component = defineComponent({
  name: "Component",
  setup: function () {
    return function () {
      return <div></div>;
    };
  }
});
const ComponentProps = defineComponent({
  name: "ComponentProps",
  props: {
    a: String,
    A: String,
    b: Boolean,
    B: Boolean,
    c: Number,
    C: Number,
    d: (Object as PropType<Array<string>>),
    D: (Object as PropType<string[]>),
    e: (Object as PropType<Map<string, any>>),
    E: (Object as PropType<{
      [key: string]: any;
    }>),
    f: (Object as PropType<InnerTypes>),
    h: (Object as PropType<typeof VAL>),
    i: (Object as PropType<Partial<typeof VAL>>),
    j: (Object as PropType<Symbol>),
    k: (Object as PropType<() => any>),
    l: (Object as PropType<Function>),
    m: (Object as PropType<InnerType2>)
  },
  setup: function (props) {
    return function () {
      return <div></div>;
    };
  }
});
const ComponentLocalProps = defineComponent({
  name: "ComponentLocalProps",
  props: {
    a: String,
    A: String,
    b: Boolean,
    B: Boolean,
    c: Number,
    C: Number,
    d: (Object as PropType<Array<string>>),
    D: (Object as PropType<string[]>),
    e: (Object as PropType<Map<string, any>>),
    E: (Object as PropType<{
      [key: string]: any;
    }>),
    f: (Object as PropType<InnerTypes>),
    h: (Object as PropType<typeof VAL>),
    i: (Object as PropType<Partial<typeof VAL>>),
    j: (Object as PropType<Symbol>),
    k: (Object as PropType<() => any>),
    l: (Object as PropType<Function>),
    m: (Object as PropType<InnerType2>)
  },
  setup: function (props) {
    return function () {
      return <div></div>;
    };
  }
});
const ComponentWithin = defineComponent({
  name: "ComponentWithin",
  setup: function (props) {
    function Inner() {
      return 1;
    }
    return function () {
      return <div></div>;
    };
  }
});
const ComponentValDefine = defineComponent({
  name: "ComponentValDefine",
  setup: function () {
    return function () {
      return <div></div>;
    };
  }
});
const ComponentValDefineWithName = defineComponent({
  name: "ComponentValDefineWithName",
  setup: function (props) {
    return function () {
      return <div></div>;
    };
  }
});
export default defineComponent({
  name: "simple",
  props: {
    a: String,
    A: String,
    b: Boolean,
    B: Boolean,
    c: Number,
    C: Number,
    d: (Object as PropType<Array<string>>),
    D: (Object as PropType<string[]>),
    e: (Object as PropType<Map<string, any>>),
    E: (Object as PropType<{
      [key: string]: any;
    }>),
    f: (Object as PropType<InnerTypes>),
    h: (Object as PropType<typeof VAL>),
    i: (Object as PropType<Partial<typeof VAL>>),
    j: (Object as PropType<Symbol>),
    k: (Object as PropType<() => any>),
    l: (Object as PropType<Function>),
    m: (Object as PropType<InnerType2>)
  },
  setup: function (props, ctx: SetupContext) {
    return function () {
      return <div>你好啊
            {props.a}
            {ctx.slots.default?.()?.[0]}
        </div>;
    };
  }
});"
`;

exports[`normal for tsfile.ts 1`] = `
"import { SetupContext } from "vue";
const VAL = {
  i: false,
  g: 1
};
type InnerTypes = typeof VAL;
type InnerType2 = {
  c: boolean;
  f: Function;
  fc: (a: InnerType2) => boolean;
};
export interface IProps {
  a: string;
  A: String;
  b: boolean;
  B: Boolean;
  c: number;
  C: Number;
  d: Array<string>;
  D: string[];
  e: Map<string, any>;
  E: {
    [key: string]: any;
  };
  f: InnerTypes;
  h: typeof VAL;
  i: Partial<typeof VAL>;
  j: Symbol;
  k: () => any;
  l: Function;
  m: InnerType2;
}

/******************************* NO TRANSLATE **********************************/
function component() {
  return function () {
    return <div></div>;
  };
}
const componentVal = function () {
  return function () {
    return <div></div>;
  };
};
const componentValNamed = function ComponentValNamed() {
  return function () {
    return <div></div>;
  };
};

/******************************* TRANSLATE **********************************/
function Component() {
  return function () {
    return <div></div>;
  };
}
function ComponentProps(props: IProps) {
  return function () {
    return <div></div>;
  };
}
function ComponentLocalProps(props: {
  a: string;
  A: String;
  b: boolean;
  B: Boolean;
  c: number;
  C: Number;
  d: Array<string>;
  D: string[];
  e: Map<string, any>;
  E: {
    [key: string]: any;
  };
  f: InnerTypes;
  h: typeof VAL;
  i: Partial<typeof VAL>;
  j: Symbol;
  k: () => any;
  l: Function;
  m: InnerType2;
}) {
  return function () {
    return <div></div>;
  };
}
function ComponentWithin() {
  function Inner() {
    return 1;
  }
  return function () {
    return <div></div>;
  };
}
const ComponentValDefine = function () {
  return function () {
    return <div></div>;
  };
};
const ComponentValDefineWithName = function ComponentValDefineWithNameOfFn() {
  return function () {
    return <div></div>;
  };
};
export function Cbbbb(props: {
  a: string;
}) {
  debugger;
  return function () {
    return <view>{props.a}</view>;
  };
}
export default function (props: IProps, ctx: SetupContext) {
  return function () {
    return <div>你好啊
            {props.a}
            {ctx.slots.default?.()?.[0]}
        </div>;
  };
}"
`;

exports[`normal for tsfile-noimport.ts 1`] = `
"type InnerType2 = {
  c: boolean;
  f: Function;
  fc: (a: InnerType2) => boolean;
};
type Alias = InnerType2;
type IProps = Alias;
function ComponentProps(props: Alias) {
  return function () {
    return <div></div>;
  };
}
function ComponentLocalProps(props: {
  a: string;
  A: String;
  b: boolean;
  B: Boolean;
  c: number;
  C: Number;
  d: Array<string>;
  D: string[];
  e: Map<string, any>;
  E: {
    [key: string]: any;
  };
  f: InnerTypes;
  h: typeof VAL;
  i: Partial<typeof VAL>;
  j: Symbol;
  k: () => any;
  l: Function;
  m: InnerType2;
}) {
  return function () {
    return <div></div>;
  };
}
export function Cbbbb(props: {
  a: string;
}) {
  debugger;
  return function () {
    return <view>{props.a}</view>;
  };
}
export default function (props: IProps, ctx: SetupContext) {
  return function () {
    return <div>你好啊
            {props.a}
            {ctx.slots.default?.()?.[0]}
        </div>;
  };
}"
`;

exports[`plugin config file dir empty arr for jsfile.js 1`] = `
"import { SetupContext } from "vue";

/******************************* NO TRANSLATE **********************************/
function component() {
  return function () {
    return <div></div>;
  };
}
const componentVal = function () {
  return function () {
    return <div></div>;
  };
};
const componentValNamed = function ComponentValNamed() {
  return function () {
    return <div></div>;
  };
};
function Component() {
  return function () {
    return <div></div>;
  };
}
function ComponentProps(props) {
  return function () {
    return <div></div>;
  };
}
function ComponentLocalProps(props) {
  return function () {
    return <div></div>;
  };
}
function ComponentWithin() {
  function Inner() {
    return 1;
  }
  return function () {
    return <div></div>;
  };
}
const ComponentValDefine = function () {
  return function () {
    return <div></div>;
  };
};
const ComponentValDefineWithName = function ComponentValDefineWithNameOfFn() {
  return function () {
    return <div></div>;
  };
};
export default function (props, ctx) {
  return function () {
    return <div>你好啊
            {props.a}
            {ctx.slots.default?.()?.[0]}
        </div>;
  };
}"
`;

exports[`plugin config file dir empty arr for simple.tsx 1`] = `
"import { SetupContext } from "vue";
const VAL = {
  i: false,
  g: 1
};
type InnerTypes = typeof VAL;
type InnerType2 = {
  c: boolean;
  f: Function;
  fc: (a: InnerType2) => boolean;
};
export interface IProps {
  a: string;
  A: String;
  b: boolean;
  B: Boolean;
  c: number;
  C: Number;
  d: Array<string>;
  D: string[];
  e: Map<string, any>;
  E: {
    [key: string]: any;
  };
  f: InnerTypes;
  h: typeof VAL;
  i: Partial<typeof VAL>;
  j: Symbol;
  k: () => any;
  l: Function;
  m: InnerType2;
}

/******************************* NO TRANSLATE **********************************/
function component() {
  return function () {
    return <div></div>;
  };
}
const componentVal = function () {
  return function () {
    return <div></div>;
  };
};
const componentValNamed = function ComponentValNamed() {
  return function () {
    return <div></div>;
  };
};

/******************************* TRANSLATE **********************************/
function Component() {
  return function () {
    return <div></div>;
  };
}
function ComponentProps(props: IProps) {
  return function () {
    return <div></div>;
  };
}
function ComponentLocalProps(props: {
  a: string;
  A: String;
  b: boolean;
  B: Boolean;
  c: number;
  C: Number;
  d: Array<string>;
  D: string[];
  e: Map<string, any>;
  E: {
    [key: string]: any;
  };
  f: InnerTypes;
  h: typeof VAL;
  i: Partial<typeof VAL>;
  j: Symbol;
  k: () => any;
  l: Function;
  m: InnerType2;
}) {
  return function () {
    return <div></div>;
  };
}
function ComponentWithin(props: any) {
  function Inner() {
    return 1;
  }
  return function () {
    return <div></div>;
  };
}
const ComponentValDefine = function () {
  return function () {
    return <div></div>;
  };
};
const ComponentValDefineWithName = function ComponentValDefineWithNameOfFn(props: {}) {
  return function () {
    return <div></div>;
  };
};
export default function (props: IProps, ctx: SetupContext) {
  return function () {
    return <div>你好啊
            {props.a}
            {ctx.slots.default?.()?.[0]}
        </div>;
  };
}"
`;

exports[`plugin config file dir empty arr for tsfile.ts 1`] = `
"import { SetupContext } from "vue";
const VAL = {
  i: false,
  g: 1
};
type InnerTypes = typeof VAL;
type InnerType2 = {
  c: boolean;
  f: Function;
  fc: (a: InnerType2) => boolean;
};
export interface IProps {
  a: string;
  A: String;
  b: boolean;
  B: Boolean;
  c: number;
  C: Number;
  d: Array<string>;
  D: string[];
  e: Map<string, any>;
  E: {
    [key: string]: any;
  };
  f: InnerTypes;
  h: typeof VAL;
  i: Partial<typeof VAL>;
  j: Symbol;
  k: () => any;
  l: Function;
  m: InnerType2;
}

/******************************* NO TRANSLATE **********************************/
function component() {
  return function () {
    return <div></div>;
  };
}
const componentVal = function () {
  return function () {
    return <div></div>;
  };
};
const componentValNamed = function ComponentValNamed() {
  return function () {
    return <div></div>;
  };
};

/******************************* TRANSLATE **********************************/
function Component() {
  return function () {
    return <div></div>;
  };
}
function ComponentProps(props: IProps) {
  return function () {
    return <div></div>;
  };
}
function ComponentLocalProps(props: {
  a: string;
  A: String;
  b: boolean;
  B: Boolean;
  c: number;
  C: Number;
  d: Array<string>;
  D: string[];
  e: Map<string, any>;
  E: {
    [key: string]: any;
  };
  f: InnerTypes;
  h: typeof VAL;
  i: Partial<typeof VAL>;
  j: Symbol;
  k: () => any;
  l: Function;
  m: InnerType2;
}) {
  return function () {
    return <div></div>;
  };
}
function ComponentWithin() {
  function Inner() {
    return 1;
  }
  return function () {
    return <div></div>;
  };
}
const ComponentValDefine = function () {
  return function () {
    return <div></div>;
  };
};
const ComponentValDefineWithName = function ComponentValDefineWithNameOfFn() {
  return function () {
    return <div></div>;
  };
};
export function Cbbbb(props: {
  a: string;
}) {
  debugger;
  return function () {
    return <view>{props.a}</view>;
  };
}
export default function (props: IProps, ctx: SetupContext) {
  return function () {
    return <div>你好啊
            {props.a}
            {ctx.slots.default?.()?.[0]}
        </div>;
  };
}"
`;

exports[`plugin config file dir empty arr for tsfile-noimport.ts 1`] = `
"type InnerType2 = {
  c: boolean;
  f: Function;
  fc: (a: InnerType2) => boolean;
};
type Alias = InnerType2;
type IProps = Alias;
function ComponentProps(props: Alias) {
  return function () {
    return <div></div>;
  };
}
function ComponentLocalProps(props: {
  a: string;
  A: String;
  b: boolean;
  B: Boolean;
  c: number;
  C: Number;
  d: Array<string>;
  D: string[];
  e: Map<string, any>;
  E: {
    [key: string]: any;
  };
  f: InnerTypes;
  h: typeof VAL;
  i: Partial<typeof VAL>;
  j: Symbol;
  k: () => any;
  l: Function;
  m: InnerType2;
}) {
  return function () {
    return <div></div>;
  };
}
export function Cbbbb(props: {
  a: string;
}) {
  debugger;
  return function () {
    return <view>{props.a}</view>;
  };
}
export default function (props: IProps, ctx: SetupContext) {
  return function () {
    return <div>你好啊
            {props.a}
            {ctx.slots.default?.()?.[0]}
        </div>;
  };
}"
`;

exports[`plugin config file dir fn endwith .ts for jsfile.js 1`] = `
"import { SetupContext } from "vue";

/******************************* NO TRANSLATE **********************************/
function component() {
  return function () {
    return <div></div>;
  };
}
const componentVal = function () {
  return function () {
    return <div></div>;
  };
};
const componentValNamed = function ComponentValNamed() {
  return function () {
    return <div></div>;
  };
};
function Component() {
  return function () {
    return <div></div>;
  };
}
function ComponentProps(props) {
  return function () {
    return <div></div>;
  };
}
function ComponentLocalProps(props) {
  return function () {
    return <div></div>;
  };
}
function ComponentWithin() {
  function Inner() {
    return 1;
  }
  return function () {
    return <div></div>;
  };
}
const ComponentValDefine = function () {
  return function () {
    return <div></div>;
  };
};
const ComponentValDefineWithName = function ComponentValDefineWithNameOfFn() {
  return function () {
    return <div></div>;
  };
};
export default function (props, ctx) {
  return function () {
    return <div>你好啊
            {props.a}
            {ctx.slots.default?.()?.[0]}
        </div>;
  };
}"
`;

exports[`plugin config file dir fn endwith .ts for simple.tsx 1`] = `
"import { SetupContext } from "vue";
const VAL = {
  i: false,
  g: 1
};
type InnerTypes = typeof VAL;
type InnerType2 = {
  c: boolean;
  f: Function;
  fc: (a: InnerType2) => boolean;
};
export interface IProps {
  a: string;
  A: String;
  b: boolean;
  B: Boolean;
  c: number;
  C: Number;
  d: Array<string>;
  D: string[];
  e: Map<string, any>;
  E: {
    [key: string]: any;
  };
  f: InnerTypes;
  h: typeof VAL;
  i: Partial<typeof VAL>;
  j: Symbol;
  k: () => any;
  l: Function;
  m: InnerType2;
}

/******************************* NO TRANSLATE **********************************/
function component() {
  return function () {
    return <div></div>;
  };
}
const componentVal = function () {
  return function () {
    return <div></div>;
  };
};
const componentValNamed = function ComponentValNamed() {
  return function () {
    return <div></div>;
  };
};

/******************************* TRANSLATE **********************************/
function Component() {
  return function () {
    return <div></div>;
  };
}
function ComponentProps(props: IProps) {
  return function () {
    return <div></div>;
  };
}
function ComponentLocalProps(props: {
  a: string;
  A: String;
  b: boolean;
  B: Boolean;
  c: number;
  C: Number;
  d: Array<string>;
  D: string[];
  e: Map<string, any>;
  E: {
    [key: string]: any;
  };
  f: InnerTypes;
  h: typeof VAL;
  i: Partial<typeof VAL>;
  j: Symbol;
  k: () => any;
  l: Function;
  m: InnerType2;
}) {
  return function () {
    return <div></div>;
  };
}
function ComponentWithin(props: any) {
  function Inner() {
    return 1;
  }
  return function () {
    return <div></div>;
  };
}
const ComponentValDefine = function () {
  return function () {
    return <div></div>;
  };
};
const ComponentValDefineWithName = function ComponentValDefineWithNameOfFn(props: {}) {
  return function () {
    return <div></div>;
  };
};
export default function (props: IProps, ctx: SetupContext) {
  return function () {
    return <div>你好啊
            {props.a}
            {ctx.slots.default?.()?.[0]}
        </div>;
  };
}"
`;

exports[`plugin config file dir fn endwith .ts for tsfile.ts 1`] = `
"import { SetupContext, PropType, defineComponent } from "vue";
const VAL = {
  i: false,
  g: 1
};
type InnerTypes = typeof VAL;
type InnerType2 = {
  c: boolean;
  f: Function;
  fc: (a: InnerType2) => boolean;
};
export interface IProps {
  a: string;
  A: String;
  b: boolean;
  B: Boolean;
  c: number;
  C: Number;
  d: Array<string>;
  D: string[];
  e: Map<string, any>;
  E: {
    [key: string]: any;
  };
  f: InnerTypes;
  h: typeof VAL;
  i: Partial<typeof VAL>;
  j: Symbol;
  k: () => any;
  l: Function;
  m: InnerType2;
}

/******************************* NO TRANSLATE **********************************/
function component() {
  return function () {
    return <div></div>;
  };
}
const componentVal = function () {
  return function () {
    return <div></div>;
  };
};
const componentValNamed = function ComponentValNamed() {
  return function () {
    return <div></div>;
  };
};

/******************************* TRANSLATE **********************************/
const Component = defineComponent({
  name: "Component",
  setup: function () {
    return function () {
      return <div></div>;
    };
  }
});
const ComponentProps = defineComponent({
  name: "ComponentProps",
  props: {
    a: String,
    A: String,
    b: Boolean,
    B: Boolean,
    c: Number,
    C: Number,
    d: (Object as PropType<Array<string>>),
    D: (Object as PropType<string[]>),
    e: (Object as PropType<Map<string, any>>),
    E: (Object as PropType<{
      [key: string]: any;
    }>),
    f: (Object as PropType<InnerTypes>),
    h: (Object as PropType<typeof VAL>),
    i: (Object as PropType<Partial<typeof VAL>>),
    j: (Object as PropType<Symbol>),
    k: (Object as PropType<() => any>),
    l: (Object as PropType<Function>),
    m: (Object as PropType<InnerType2>)
  },
  setup: function (props) {
    return function () {
      return <div></div>;
    };
  }
});
const ComponentLocalProps = defineComponent({
  name: "ComponentLocalProps",
  props: {
    a: String,
    A: String,
    b: Boolean,
    B: Boolean,
    c: Number,
    C: Number,
    d: (Object as PropType<Array<string>>),
    D: (Object as PropType<string[]>),
    e: (Object as PropType<Map<string, any>>),
    E: (Object as PropType<{
      [key: string]: any;
    }>),
    f: (Object as PropType<InnerTypes>),
    h: (Object as PropType<typeof VAL>),
    i: (Object as PropType<Partial<typeof VAL>>),
    j: (Object as PropType<Symbol>),
    k: (Object as PropType<() => any>),
    l: (Object as PropType<Function>),
    m: (Object as PropType<InnerType2>)
  },
  setup: function (props) {
    return function () {
      return <div></div>;
    };
  }
});
const ComponentWithin = defineComponent({
  name: "ComponentWithin",
  setup: function () {
    function Inner() {
      return 1;
    }
    return function () {
      return <div></div>;
    };
  }
});
const ComponentValDefine = defineComponent({
  name: "ComponentValDefine",
  setup: function () {
    return function () {
      return <div></div>;
    };
  }
});
const ComponentValDefineWithName = defineComponent({
  name: "ComponentValDefineWithName",
  setup: function () {
    return function () {
      return <div></div>;
    };
  }
});
export const Cbbbb = defineComponent({
  name: "Cbbbb",
  props: {
    a: String
  },
  setup: function (props) {
    debugger;
    return function () {
      return <view>{props.a}</view>;
    };
  }
});
export default defineComponent({
  name: "tsfile",
  props: {
    a: String,
    A: String,
    b: Boolean,
    B: Boolean,
    c: Number,
    C: Number,
    d: (Object as PropType<Array<string>>),
    D: (Object as PropType<string[]>),
    e: (Object as PropType<Map<string, any>>),
    E: (Object as PropType<{
      [key: string]: any;
    }>),
    f: (Object as PropType<InnerTypes>),
    h: (Object as PropType<typeof VAL>),
    i: (Object as PropType<Partial<typeof VAL>>),
    j: (Object as PropType<Symbol>),
    k: (Object as PropType<() => any>),
    l: (Object as PropType<Function>),
    m: (Object as PropType<InnerType2>)
  },
  setup: function (props, ctx: SetupContext) {
    return function () {
      return <div>你好啊
            {props.a}
            {ctx.slots.default?.()?.[0]}
        </div>;
    };
  }
});"
`;

exports[`plugin config file dir fn endwith .ts for tsfile-noimport.ts 1`] = `
"import { defineComponent, PropType } from "vue";
type InnerType2 = {
  c: boolean;
  f: Function;
  fc: (a: InnerType2) => boolean;
};
type Alias = InnerType2;
type IProps = Alias;
const ComponentProps = defineComponent({
  name: "ComponentProps",
  props: {
    c: Boolean,
    f: (Object as PropType<Function>),
    fc: (Object as PropType<(a: InnerType2) => boolean>)
  },
  setup: function (props) {
    return function () {
      return <div></div>;
    };
  }
});
const ComponentLocalProps = defineComponent({
  name: "ComponentLocalProps",
  props: {
    a: String,
    A: String,
    b: Boolean,
    B: Boolean,
    c: Number,
    C: Number,
    d: (Object as PropType<Array<string>>),
    D: (Object as PropType<string[]>),
    e: (Object as PropType<Map<string, any>>),
    E: (Object as PropType<{
      [key: string]: any;
    }>),
    f: (Object as PropType<InnerTypes>),
    h: (Object as PropType<typeof VAL>),
    i: (Object as PropType<Partial<typeof VAL>>),
    j: (Object as PropType<Symbol>),
    k: (Object as PropType<() => any>),
    l: (Object as PropType<Function>),
    m: (Object as PropType<InnerType2>)
  },
  setup: function (props) {
    return function () {
      return <div></div>;
    };
  }
});
export const Cbbbb = defineComponent({
  name: "Cbbbb",
  props: {
    a: String
  },
  setup: function (props) {
    debugger;
    return function () {
      return <view>{props.a}</view>;
    };
  }
});
export default defineComponent({
  name: "tsfile-noimport",
  props: {
    c: Boolean,
    f: (Object as PropType<Function>),
    fc: (Object as PropType<(a: InnerType2) => boolean>)
  },
  setup: function (props, ctx: SetupContext) {
    return function () {
      return <div>你好啊
            {props.a}
            {ctx.slots.default?.()?.[0]}
        </div>;
    };
  }
});"
`;

exports[`plugin config file dir only js for jsfile.js 1`] = `
"import { SetupContext } from "vue";

/******************************* NO TRANSLATE **********************************/
function component() {
  return function () {
    return <div></div>;
  };
}
const componentVal = function () {
  return function () {
    return <div></div>;
  };
};
const componentValNamed = function ComponentValNamed() {
  return function () {
    return <div></div>;
  };
};
function Component() {
  return function () {
    return <div></div>;
  };
}
function ComponentProps(props) {
  return function () {
    return <div></div>;
  };
}
function ComponentLocalProps(props) {
  return function () {
    return <div></div>;
  };
}
function ComponentWithin() {
  function Inner() {
    return 1;
  }
  return function () {
    return <div></div>;
  };
}
const ComponentValDefine = function () {
  return function () {
    return <div></div>;
  };
};
const ComponentValDefineWithName = function ComponentValDefineWithNameOfFn() {
  return function () {
    return <div></div>;
  };
};
export default function (props, ctx) {
  return function () {
    return <div>你好啊
            {props.a}
            {ctx.slots.default?.()?.[0]}
        </div>;
  };
}"
`;

exports[`plugin config file dir only js for simple.tsx 1`] = `
"import { SetupContext } from "vue";
const VAL = {
  i: false,
  g: 1
};
type InnerTypes = typeof VAL;
type InnerType2 = {
  c: boolean;
  f: Function;
  fc: (a: InnerType2) => boolean;
};
export interface IProps {
  a: string;
  A: String;
  b: boolean;
  B: Boolean;
  c: number;
  C: Number;
  d: Array<string>;
  D: string[];
  e: Map<string, any>;
  E: {
    [key: string]: any;
  };
  f: InnerTypes;
  h: typeof VAL;
  i: Partial<typeof VAL>;
  j: Symbol;
  k: () => any;
  l: Function;
  m: InnerType2;
}

/******************************* NO TRANSLATE **********************************/
function component() {
  return function () {
    return <div></div>;
  };
}
const componentVal = function () {
  return function () {
    return <div></div>;
  };
};
const componentValNamed = function ComponentValNamed() {
  return function () {
    return <div></div>;
  };
};

/******************************* TRANSLATE **********************************/
function Component() {
  return function () {
    return <div></div>;
  };
}
function ComponentProps(props: IProps) {
  return function () {
    return <div></div>;
  };
}
function ComponentLocalProps(props: {
  a: string;
  A: String;
  b: boolean;
  B: Boolean;
  c: number;
  C: Number;
  d: Array<string>;
  D: string[];
  e: Map<string, any>;
  E: {
    [key: string]: any;
  };
  f: InnerTypes;
  h: typeof VAL;
  i: Partial<typeof VAL>;
  j: Symbol;
  k: () => any;
  l: Function;
  m: InnerType2;
}) {
  return function () {
    return <div></div>;
  };
}
function ComponentWithin(props: any) {
  function Inner() {
    return 1;
  }
  return function () {
    return <div></div>;
  };
}
const ComponentValDefine = function () {
  return function () {
    return <div></div>;
  };
};
const ComponentValDefineWithName = function ComponentValDefineWithNameOfFn(props: {}) {
  return function () {
    return <div></div>;
  };
};
export default function (props: IProps, ctx: SetupContext) {
  return function () {
    return <div>你好啊
            {props.a}
            {ctx.slots.default?.()?.[0]}
        </div>;
  };
}"
`;

exports[`plugin config file dir only js for tsfile.ts 1`] = `
"import { SetupContext } from "vue";
const VAL = {
  i: false,
  g: 1
};
type InnerTypes = typeof VAL;
type InnerType2 = {
  c: boolean;
  f: Function;
  fc: (a: InnerType2) => boolean;
};
export interface IProps {
  a: string;
  A: String;
  b: boolean;
  B: Boolean;
  c: number;
  C: Number;
  d: Array<string>;
  D: string[];
  e: Map<string, any>;
  E: {
    [key: string]: any;
  };
  f: InnerTypes;
  h: typeof VAL;
  i: Partial<typeof VAL>;
  j: Symbol;
  k: () => any;
  l: Function;
  m: InnerType2;
}

/******************************* NO TRANSLATE **********************************/
function component() {
  return function () {
    return <div></div>;
  };
}
const componentVal = function () {
  return function () {
    return <div></div>;
  };
};
const componentValNamed = function ComponentValNamed() {
  return function () {
    return <div></div>;
  };
};

/******************************* TRANSLATE **********************************/
function Component() {
  return function () {
    return <div></div>;
  };
}
function ComponentProps(props: IProps) {
  return function () {
    return <div></div>;
  };
}
function ComponentLocalProps(props: {
  a: string;
  A: String;
  b: boolean;
  B: Boolean;
  c: number;
  C: Number;
  d: Array<string>;
  D: string[];
  e: Map<string, any>;
  E: {
    [key: string]: any;
  };
  f: InnerTypes;
  h: typeof VAL;
  i: Partial<typeof VAL>;
  j: Symbol;
  k: () => any;
  l: Function;
  m: InnerType2;
}) {
  return function () {
    return <div></div>;
  };
}
function ComponentWithin() {
  function Inner() {
    return 1;
  }
  return function () {
    return <div></div>;
  };
}
const ComponentValDefine = function () {
  return function () {
    return <div></div>;
  };
};
const ComponentValDefineWithName = function ComponentValDefineWithNameOfFn() {
  return function () {
    return <div></div>;
  };
};
export function Cbbbb(props: {
  a: string;
}) {
  debugger;
  return function () {
    return <view>{props.a}</view>;
  };
}
export default function (props: IProps, ctx: SetupContext) {
  return function () {
    return <div>你好啊
            {props.a}
            {ctx.slots.default?.()?.[0]}
        </div>;
  };
}"
`;

exports[`plugin config file dir only js for tsfile-noimport.ts 1`] = `
"type InnerType2 = {
  c: boolean;
  f: Function;
  fc: (a: InnerType2) => boolean;
};
type Alias = InnerType2;
type IProps = Alias;
function ComponentProps(props: Alias) {
  return function () {
    return <div></div>;
  };
}
function ComponentLocalProps(props: {
  a: string;
  A: String;
  b: boolean;
  B: Boolean;
  c: number;
  C: Number;
  d: Array<string>;
  D: string[];
  e: Map<string, any>;
  E: {
    [key: string]: any;
  };
  f: InnerTypes;
  h: typeof VAL;
  i: Partial<typeof VAL>;
  j: Symbol;
  k: () => any;
  l: Function;
  m: InnerType2;
}) {
  return function () {
    return <div></div>;
  };
}
export function Cbbbb(props: {
  a: string;
}) {
  debugger;
  return function () {
    return <view>{props.a}</view>;
  };
}
export default function (props: IProps, ctx: SetupContext) {
  return function () {
    return <div>你好啊
            {props.a}
            {ctx.slots.default?.()?.[0]}
        </div>;
  };
}"
`;

exports[`plugin config file dir only ts for jsfile.js 1`] = `
"import { SetupContext } from "vue";

/******************************* NO TRANSLATE **********************************/
function component() {
  return function () {
    return <div></div>;
  };
}
const componentVal = function () {
  return function () {
    return <div></div>;
  };
};
const componentValNamed = function ComponentValNamed() {
  return function () {
    return <div></div>;
  };
};
function Component() {
  return function () {
    return <div></div>;
  };
}
function ComponentProps(props) {
  return function () {
    return <div></div>;
  };
}
function ComponentLocalProps(props) {
  return function () {
    return <div></div>;
  };
}
function ComponentWithin() {
  function Inner() {
    return 1;
  }
  return function () {
    return <div></div>;
  };
}
const ComponentValDefine = function () {
  return function () {
    return <div></div>;
  };
};
const ComponentValDefineWithName = function ComponentValDefineWithNameOfFn() {
  return function () {
    return <div></div>;
  };
};
export default function (props, ctx) {
  return function () {
    return <div>你好啊
            {props.a}
            {ctx.slots.default?.()?.[0]}
        </div>;
  };
}"
`;

exports[`plugin config file dir only ts for simple.tsx 1`] = `
"import { SetupContext } from "vue";
const VAL = {
  i: false,
  g: 1
};
type InnerTypes = typeof VAL;
type InnerType2 = {
  c: boolean;
  f: Function;
  fc: (a: InnerType2) => boolean;
};
export interface IProps {
  a: string;
  A: String;
  b: boolean;
  B: Boolean;
  c: number;
  C: Number;
  d: Array<string>;
  D: string[];
  e: Map<string, any>;
  E: {
    [key: string]: any;
  };
  f: InnerTypes;
  h: typeof VAL;
  i: Partial<typeof VAL>;
  j: Symbol;
  k: () => any;
  l: Function;
  m: InnerType2;
}

/******************************* NO TRANSLATE **********************************/
function component() {
  return function () {
    return <div></div>;
  };
}
const componentVal = function () {
  return function () {
    return <div></div>;
  };
};
const componentValNamed = function ComponentValNamed() {
  return function () {
    return <div></div>;
  };
};

/******************************* TRANSLATE **********************************/
function Component() {
  return function () {
    return <div></div>;
  };
}
function ComponentProps(props: IProps) {
  return function () {
    return <div></div>;
  };
}
function ComponentLocalProps(props: {
  a: string;
  A: String;
  b: boolean;
  B: Boolean;
  c: number;
  C: Number;
  d: Array<string>;
  D: string[];
  e: Map<string, any>;
  E: {
    [key: string]: any;
  };
  f: InnerTypes;
  h: typeof VAL;
  i: Partial<typeof VAL>;
  j: Symbol;
  k: () => any;
  l: Function;
  m: InnerType2;
}) {
  return function () {
    return <div></div>;
  };
}
function ComponentWithin(props: any) {
  function Inner() {
    return 1;
  }
  return function () {
    return <div></div>;
  };
}
const ComponentValDefine = function () {
  return function () {
    return <div></div>;
  };
};
const ComponentValDefineWithName = function ComponentValDefineWithNameOfFn(props: {}) {
  return function () {
    return <div></div>;
  };
};
export default function (props: IProps, ctx: SetupContext) {
  return function () {
    return <div>你好啊
            {props.a}
            {ctx.slots.default?.()?.[0]}
        </div>;
  };
}"
`;

exports[`plugin config file dir only ts for tsfile.ts 1`] = `
"import { SetupContext, PropType, defineComponent } from "vue";
const VAL = {
  i: false,
  g: 1
};
type InnerTypes = typeof VAL;
type InnerType2 = {
  c: boolean;
  f: Function;
  fc: (a: InnerType2) => boolean;
};
export interface IProps {
  a: string;
  A: String;
  b: boolean;
  B: Boolean;
  c: number;
  C: Number;
  d: Array<string>;
  D: string[];
  e: Map<string, any>;
  E: {
    [key: string]: any;
  };
  f: InnerTypes;
  h: typeof VAL;
  i: Partial<typeof VAL>;
  j: Symbol;
  k: () => any;
  l: Function;
  m: InnerType2;
}

/******************************* NO TRANSLATE **********************************/
function component() {
  return function () {
    return <div></div>;
  };
}
const componentVal = function () {
  return function () {
    return <div></div>;
  };
};
const componentValNamed = function ComponentValNamed() {
  return function () {
    return <div></div>;
  };
};

/******************************* TRANSLATE **********************************/
const Component = defineComponent({
  name: "Component",
  setup: function () {
    return function () {
      return <div></div>;
    };
  }
});
const ComponentProps = defineComponent({
  name: "ComponentProps",
  props: {
    a: String,
    A: String,
    b: Boolean,
    B: Boolean,
    c: Number,
    C: Number,
    d: (Object as PropType<Array<string>>),
    D: (Object as PropType<string[]>),
    e: (Object as PropType<Map<string, any>>),
    E: (Object as PropType<{
      [key: string]: any;
    }>),
    f: (Object as PropType<InnerTypes>),
    h: (Object as PropType<typeof VAL>),
    i: (Object as PropType<Partial<typeof VAL>>),
    j: (Object as PropType<Symbol>),
    k: (Object as PropType<() => any>),
    l: (Object as PropType<Function>),
    m: (Object as PropType<InnerType2>)
  },
  setup: function (props) {
    return function () {
      return <div></div>;
    };
  }
});
const ComponentLocalProps = defineComponent({
  name: "ComponentLocalProps",
  props: {
    a: String,
    A: String,
    b: Boolean,
    B: Boolean,
    c: Number,
    C: Number,
    d: (Object as PropType<Array<string>>),
    D: (Object as PropType<string[]>),
    e: (Object as PropType<Map<string, any>>),
    E: (Object as PropType<{
      [key: string]: any;
    }>),
    f: (Object as PropType<InnerTypes>),
    h: (Object as PropType<typeof VAL>),
    i: (Object as PropType<Partial<typeof VAL>>),
    j: (Object as PropType<Symbol>),
    k: (Object as PropType<() => any>),
    l: (Object as PropType<Function>),
    m: (Object as PropType<InnerType2>)
  },
  setup: function (props) {
    return function () {
      return <div></div>;
    };
  }
});
const ComponentWithin = defineComponent({
  name: "ComponentWithin",
  setup: function () {
    function Inner() {
      return 1;
    }
    return function () {
      return <div></div>;
    };
  }
});
const ComponentValDefine = defineComponent({
  name: "ComponentValDefine",
  setup: function () {
    return function () {
      return <div></div>;
    };
  }
});
const ComponentValDefineWithName = defineComponent({
  name: "ComponentValDefineWithName",
  setup: function () {
    return function () {
      return <div></div>;
    };
  }
});
export const Cbbbb = defineComponent({
  name: "Cbbbb",
  props: {
    a: String
  },
  setup: function (props) {
    debugger;
    return function () {
      return <view>{props.a}</view>;
    };
  }
});
export default defineComponent({
  name: "tsfile",
  props: {
    a: String,
    A: String,
    b: Boolean,
    B: Boolean,
    c: Number,
    C: Number,
    d: (Object as PropType<Array<string>>),
    D: (Object as PropType<string[]>),
    e: (Object as PropType<Map<string, any>>),
    E: (Object as PropType<{
      [key: string]: any;
    }>),
    f: (Object as PropType<InnerTypes>),
    h: (Object as PropType<typeof VAL>),
    i: (Object as PropType<Partial<typeof VAL>>),
    j: (Object as PropType<Symbol>),
    k: (Object as PropType<() => any>),
    l: (Object as PropType<Function>),
    m: (Object as PropType<InnerType2>)
  },
  setup: function (props, ctx: SetupContext) {
    return function () {
      return <div>你好啊
            {props.a}
            {ctx.slots.default?.()?.[0]}
        </div>;
    };
  }
});"
`;

exports[`plugin config file dir only ts for tsfile-noimport.ts 1`] = `
"import { defineComponent, PropType } from "vue";
type InnerType2 = {
  c: boolean;
  f: Function;
  fc: (a: InnerType2) => boolean;
};
type Alias = InnerType2;
type IProps = Alias;
const ComponentProps = defineComponent({
  name: "ComponentProps",
  props: {
    c: Boolean,
    f: (Object as PropType<Function>),
    fc: (Object as PropType<(a: InnerType2) => boolean>)
  },
  setup: function (props) {
    return function () {
      return <div></div>;
    };
  }
});
const ComponentLocalProps = defineComponent({
  name: "ComponentLocalProps",
  props: {
    a: String,
    A: String,
    b: Boolean,
    B: Boolean,
    c: Number,
    C: Number,
    d: (Object as PropType<Array<string>>),
    D: (Object as PropType<string[]>),
    e: (Object as PropType<Map<string, any>>),
    E: (Object as PropType<{
      [key: string]: any;
    }>),
    f: (Object as PropType<InnerTypes>),
    h: (Object as PropType<typeof VAL>),
    i: (Object as PropType<Partial<typeof VAL>>),
    j: (Object as PropType<Symbol>),
    k: (Object as PropType<() => any>),
    l: (Object as PropType<Function>),
    m: (Object as PropType<InnerType2>)
  },
  setup: function (props) {
    return function () {
      return <div></div>;
    };
  }
});
export const Cbbbb = defineComponent({
  name: "Cbbbb",
  props: {
    a: String
  },
  setup: function (props) {
    debugger;
    return function () {
      return <view>{props.a}</view>;
    };
  }
});
export default defineComponent({
  name: "tsfile-noimport",
  props: {
    c: Boolean,
    f: (Object as PropType<Function>),
    fc: (Object as PropType<(a: InnerType2) => boolean>)
  },
  setup: function (props, ctx: SetupContext) {
    return function () {
      return <div>你好啊
            {props.a}
            {ctx.slots.default?.()?.[0]}
        </div>;
    };
  }
});"
`;

exports[`plugin config file dir only tsx for jsfile.js 1`] = `
"import { SetupContext } from "vue";

/******************************* NO TRANSLATE **********************************/
function component() {
  return function () {
    return <div></div>;
  };
}
const componentVal = function () {
  return function () {
    return <div></div>;
  };
};
const componentValNamed = function ComponentValNamed() {
  return function () {
    return <div></div>;
  };
};
function Component() {
  return function () {
    return <div></div>;
  };
}
function ComponentProps(props) {
  return function () {
    return <div></div>;
  };
}
function ComponentLocalProps(props) {
  return function () {
    return <div></div>;
  };
}
function ComponentWithin() {
  function Inner() {
    return 1;
  }
  return function () {
    return <div></div>;
  };
}
const ComponentValDefine = function () {
  return function () {
    return <div></div>;
  };
};
const ComponentValDefineWithName = function ComponentValDefineWithNameOfFn() {
  return function () {
    return <div></div>;
  };
};
export default function (props, ctx) {
  return function () {
    return <div>你好啊
            {props.a}
            {ctx.slots.default?.()?.[0]}
        </div>;
  };
}"
`;

exports[`plugin config file dir only tsx for simple.tsx 1`] = `
"import { SetupContext, PropType, defineComponent } from "vue";
const VAL = {
  i: false,
  g: 1
};
type InnerTypes = typeof VAL;
type InnerType2 = {
  c: boolean;
  f: Function;
  fc: (a: InnerType2) => boolean;
};
export interface IProps {
  a: string;
  A: String;
  b: boolean;
  B: Boolean;
  c: number;
  C: Number;
  d: Array<string>;
  D: string[];
  e: Map<string, any>;
  E: {
    [key: string]: any;
  };
  f: InnerTypes;
  h: typeof VAL;
  i: Partial<typeof VAL>;
  j: Symbol;
  k: () => any;
  l: Function;
  m: InnerType2;
}

/******************************* NO TRANSLATE **********************************/
function component() {
  return function () {
    return <div></div>;
  };
}
const componentVal = function () {
  return function () {
    return <div></div>;
  };
};
const componentValNamed = function ComponentValNamed() {
  return function () {
    return <div></div>;
  };
};

/******************************* TRANSLATE **********************************/
const Component = defineComponent({
  name: "Component",
  setup: function () {
    return function () {
      return <div></div>;
    };
  }
});
const ComponentProps = defineComponent({
  name: "ComponentProps",
  props: {
    a: String,
    A: String,
    b: Boolean,
    B: Boolean,
    c: Number,
    C: Number,
    d: (Object as PropType<Array<string>>),
    D: (Object as PropType<string[]>),
    e: (Object as PropType<Map<string, any>>),
    E: (Object as PropType<{
      [key: string]: any;
    }>),
    f: (Object as PropType<InnerTypes>),
    h: (Object as PropType<typeof VAL>),
    i: (Object as PropType<Partial<typeof VAL>>),
    j: (Object as PropType<Symbol>),
    k: (Object as PropType<() => any>),
    l: (Object as PropType<Function>),
    m: (Object as PropType<InnerType2>)
  },
  setup: function (props) {
    return function () {
      return <div></div>;
    };
  }
});
const ComponentLocalProps = defineComponent({
  name: "ComponentLocalProps",
  props: {
    a: String,
    A: String,
    b: Boolean,
    B: Boolean,
    c: Number,
    C: Number,
    d: (Object as PropType<Array<string>>),
    D: (Object as PropType<string[]>),
    e: (Object as PropType<Map<string, any>>),
    E: (Object as PropType<{
      [key: string]: any;
    }>),
    f: (Object as PropType<InnerTypes>),
    h: (Object as PropType<typeof VAL>),
    i: (Object as PropType<Partial<typeof VAL>>),
    j: (Object as PropType<Symbol>),
    k: (Object as PropType<() => any>),
    l: (Object as PropType<Function>),
    m: (Object as PropType<InnerType2>)
  },
  setup: function (props) {
    return function () {
      return <div></div>;
    };
  }
});
const ComponentWithin = defineComponent({
  name: "ComponentWithin",
  setup: function (props) {
    function Inner() {
      return 1;
    }
    return function () {
      return <div></div>;
    };
  }
});
const ComponentValDefine = defineComponent({
  name: "ComponentValDefine",
  setup: function () {
    return function () {
      return <div></div>;
    };
  }
});
const ComponentValDefineWithName = defineComponent({
  name: "ComponentValDefineWithName",
  setup: function (props) {
    return function () {
      return <div></div>;
    };
  }
});
export default defineComponent({
  name: "simple",
  props: {
    a: String,
    A: String,
    b: Boolean,
    B: Boolean,
    c: Number,
    C: Number,
    d: (Object as PropType<Array<string>>),
    D: (Object as PropType<string[]>),
    e: (Object as PropType<Map<string, any>>),
    E: (Object as PropType<{
      [key: string]: any;
    }>),
    f: (Object as PropType<InnerTypes>),
    h: (Object as PropType<typeof VAL>),
    i: (Object as PropType<Partial<typeof VAL>>),
    j: (Object as PropType<Symbol>),
    k: (Object as PropType<() => any>),
    l: (Object as PropType<Function>),
    m: (Object as PropType<InnerType2>)
  },
  setup: function (props, ctx: SetupContext) {
    return function () {
      return <div>你好啊
            {props.a}
            {ctx.slots.default?.()?.[0]}
        </div>;
    };
  }
});"
`;

exports[`plugin config file dir only tsx for tsfile.ts 1`] = `
"import { SetupContext } from "vue";
const VAL = {
  i: false,
  g: 1
};
type InnerTypes = typeof VAL;
type InnerType2 = {
  c: boolean;
  f: Function;
  fc: (a: InnerType2) => boolean;
};
export interface IProps {
  a: string;
  A: String;
  b: boolean;
  B: Boolean;
  c: number;
  C: Number;
  d: Array<string>;
  D: string[];
  e: Map<string, any>;
  E: {
    [key: string]: any;
  };
  f: InnerTypes;
  h: typeof VAL;
  i: Partial<typeof VAL>;
  j: Symbol;
  k: () => any;
  l: Function;
  m: InnerType2;
}

/******************************* NO TRANSLATE **********************************/
function component() {
  return function () {
    return <div></div>;
  };
}
const componentVal = function () {
  return function () {
    return <div></div>;
  };
};
const componentValNamed = function ComponentValNamed() {
  return function () {
    return <div></div>;
  };
};

/******************************* TRANSLATE **********************************/
function Component() {
  return function () {
    return <div></div>;
  };
}
function ComponentProps(props: IProps) {
  return function () {
    return <div></div>;
  };
}
function ComponentLocalProps(props: {
  a: string;
  A: String;
  b: boolean;
  B: Boolean;
  c: number;
  C: Number;
  d: Array<string>;
  D: string[];
  e: Map<string, any>;
  E: {
    [key: string]: any;
  };
  f: InnerTypes;
  h: typeof VAL;
  i: Partial<typeof VAL>;
  j: Symbol;
  k: () => any;
  l: Function;
  m: InnerType2;
}) {
  return function () {
    return <div></div>;
  };
}
function ComponentWithin() {
  function Inner() {
    return 1;
  }
  return function () {
    return <div></div>;
  };
}
const ComponentValDefine = function () {
  return function () {
    return <div></div>;
  };
};
const ComponentValDefineWithName = function ComponentValDefineWithNameOfFn() {
  return function () {
    return <div></div>;
  };
};
export function Cbbbb(props: {
  a: string;
}) {
  debugger;
  return function () {
    return <view>{props.a}</view>;
  };
}
export default function (props: IProps, ctx: SetupContext) {
  return function () {
    return <div>你好啊
            {props.a}
            {ctx.slots.default?.()?.[0]}
        </div>;
  };
}"
`;

exports[`plugin config file dir only tsx for tsfile-noimport.ts 1`] = `
"type InnerType2 = {
  c: boolean;
  f: Function;
  fc: (a: InnerType2) => boolean;
};
type Alias = InnerType2;
type IProps = Alias;
function ComponentProps(props: Alias) {
  return function () {
    return <div></div>;
  };
}
function ComponentLocalProps(props: {
  a: string;
  A: String;
  b: boolean;
  B: Boolean;
  c: number;
  C: Number;
  d: Array<string>;
  D: string[];
  e: Map<string, any>;
  E: {
    [key: string]: any;
  };
  f: InnerTypes;
  h: typeof VAL;
  i: Partial<typeof VAL>;
  j: Symbol;
  k: () => any;
  l: Function;
  m: InnerType2;
}) {
  return function () {
    return <div></div>;
  };
}
export function Cbbbb(props: {
  a: string;
}) {
  debugger;
  return function () {
    return <view>{props.a}</view>;
  };
}
export default function (props: IProps, ctx: SetupContext) {
  return function () {
    return <div>你好啊
            {props.a}
            {ctx.slots.default?.()?.[0]}
        </div>;
  };
}"
`;

exports[`plugin config fn name is ComponentLocalProps or componentValNamed in file endwith js for jsfile.js 1`] = `
"import { SetupContext } from "vue";

/******************************* NO TRANSLATE **********************************/
function component() {
  return function () {
    return <div></div>;
  };
}
const componentVal = function () {
  return function () {
    return <div></div>;
  };
};
const componentValNamed = function ComponentValNamed() {
  return function () {
    return <div></div>;
  };
};
function Component() {
  return function () {
    return <div></div>;
  };
}
function ComponentProps(props) {
  return function () {
    return <div></div>;
  };
}
function ComponentLocalProps(props) {
  return function () {
    return <div></div>;
  };
}
function ComponentWithin() {
  function Inner() {
    return 1;
  }
  return function () {
    return <div></div>;
  };
}
const ComponentValDefine = function () {
  return function () {
    return <div></div>;
  };
};
const ComponentValDefineWithName = function ComponentValDefineWithNameOfFn() {
  return function () {
    return <div></div>;
  };
};
export default function (props, ctx) {
  return function () {
    return <div>你好啊
            {props.a}
            {ctx.slots.default?.()?.[0]}
        </div>;
  };
}"
`;

exports[`plugin config fn name is ComponentLocalProps or componentValNamed in file endwith js for simple.tsx 1`] = `
"import { SetupContext } from "vue";
const VAL = {
  i: false,
  g: 1
};
type InnerTypes = typeof VAL;
type InnerType2 = {
  c: boolean;
  f: Function;
  fc: (a: InnerType2) => boolean;
};
export interface IProps {
  a: string;
  A: String;
  b: boolean;
  B: Boolean;
  c: number;
  C: Number;
  d: Array<string>;
  D: string[];
  e: Map<string, any>;
  E: {
    [key: string]: any;
  };
  f: InnerTypes;
  h: typeof VAL;
  i: Partial<typeof VAL>;
  j: Symbol;
  k: () => any;
  l: Function;
  m: InnerType2;
}

/******************************* NO TRANSLATE **********************************/
function component() {
  return function () {
    return <div></div>;
  };
}
const componentVal = function () {
  return function () {
    return <div></div>;
  };
};
const componentValNamed = function ComponentValNamed() {
  return function () {
    return <div></div>;
  };
};

/******************************* TRANSLATE **********************************/
function Component() {
  return function () {
    return <div></div>;
  };
}
function ComponentProps(props: IProps) {
  return function () {
    return <div></div>;
  };
}
function ComponentLocalProps(props: {
  a: string;
  A: String;
  b: boolean;
  B: Boolean;
  c: number;
  C: Number;
  d: Array<string>;
  D: string[];
  e: Map<string, any>;
  E: {
    [key: string]: any;
  };
  f: InnerTypes;
  h: typeof VAL;
  i: Partial<typeof VAL>;
  j: Symbol;
  k: () => any;
  l: Function;
  m: InnerType2;
}) {
  return function () {
    return <div></div>;
  };
}
function ComponentWithin(props: any) {
  function Inner() {
    return 1;
  }
  return function () {
    return <div></div>;
  };
}
const ComponentValDefine = function () {
  return function () {
    return <div></div>;
  };
};
const ComponentValDefineWithName = function ComponentValDefineWithNameOfFn(props: {}) {
  return function () {
    return <div></div>;
  };
};
export default function (props: IProps, ctx: SetupContext) {
  return function () {
    return <div>你好啊
            {props.a}
            {ctx.slots.default?.()?.[0]}
        </div>;
  };
}"
`;

exports[`plugin config fn name is ComponentLocalProps or componentValNamed in file endwith js for tsfile.ts 1`] = `
"import { SetupContext } from "vue";
const VAL = {
  i: false,
  g: 1
};
type InnerTypes = typeof VAL;
type InnerType2 = {
  c: boolean;
  f: Function;
  fc: (a: InnerType2) => boolean;
};
export interface IProps {
  a: string;
  A: String;
  b: boolean;
  B: Boolean;
  c: number;
  C: Number;
  d: Array<string>;
  D: string[];
  e: Map<string, any>;
  E: {
    [key: string]: any;
  };
  f: InnerTypes;
  h: typeof VAL;
  i: Partial<typeof VAL>;
  j: Symbol;
  k: () => any;
  l: Function;
  m: InnerType2;
}

/******************************* NO TRANSLATE **********************************/
function component() {
  return function () {
    return <div></div>;
  };
}
const componentVal = function () {
  return function () {
    return <div></div>;
  };
};
const componentValNamed = function ComponentValNamed() {
  return function () {
    return <div></div>;
  };
};

/******************************* TRANSLATE **********************************/
function Component() {
  return function () {
    return <div></div>;
  };
}
function ComponentProps(props: IProps) {
  return function () {
    return <div></div>;
  };
}
function ComponentLocalProps(props: {
  a: string;
  A: String;
  b: boolean;
  B: Boolean;
  c: number;
  C: Number;
  d: Array<string>;
  D: string[];
  e: Map<string, any>;
  E: {
    [key: string]: any;
  };
  f: InnerTypes;
  h: typeof VAL;
  i: Partial<typeof VAL>;
  j: Symbol;
  k: () => any;
  l: Function;
  m: InnerType2;
}) {
  return function () {
    return <div></div>;
  };
}
function ComponentWithin() {
  function Inner() {
    return 1;
  }
  return function () {
    return <div></div>;
  };
}
const ComponentValDefine = function () {
  return function () {
    return <div></div>;
  };
};
const ComponentValDefineWithName = function ComponentValDefineWithNameOfFn() {
  return function () {
    return <div></div>;
  };
};
export function Cbbbb(props: {
  a: string;
}) {
  debugger;
  return function () {
    return <view>{props.a}</view>;
  };
}
export default function (props: IProps, ctx: SetupContext) {
  return function () {
    return <div>你好啊
            {props.a}
            {ctx.slots.default?.()?.[0]}
        </div>;
  };
}"
`;

exports[`plugin config fn name is ComponentLocalProps or componentValNamed in file endwith js for tsfile-noimport.ts 1`] = `
"type InnerType2 = {
  c: boolean;
  f: Function;
  fc: (a: InnerType2) => boolean;
};
type Alias = InnerType2;
type IProps = Alias;
function ComponentProps(props: Alias) {
  return function () {
    return <div></div>;
  };
}
function ComponentLocalProps(props: {
  a: string;
  A: String;
  b: boolean;
  B: Boolean;
  c: number;
  C: Number;
  d: Array<string>;
  D: string[];
  e: Map<string, any>;
  E: {
    [key: string]: any;
  };
  f: InnerTypes;
  h: typeof VAL;
  i: Partial<typeof VAL>;
  j: Symbol;
  k: () => any;
  l: Function;
  m: InnerType2;
}) {
  return function () {
    return <div></div>;
  };
}
export function Cbbbb(props: {
  a: string;
}) {
  debugger;
  return function () {
    return <view>{props.a}</view>;
  };
}
export default function (props: IProps, ctx: SetupContext) {
  return function () {
    return <div>你好啊
            {props.a}
            {ctx.slots.default?.()?.[0]}
        </div>;
  };
}"
`;

exports[`plugin config fn name is ComponentLocalProps or componentValNamed in file endwith tsx for jsfile.js 1`] = `
"import { SetupContext } from "vue";

/******************************* NO TRANSLATE **********************************/
function component() {
  return function () {
    return <div></div>;
  };
}
const componentVal = function () {
  return function () {
    return <div></div>;
  };
};
const componentValNamed = function ComponentValNamed() {
  return function () {
    return <div></div>;
  };
};
function Component() {
  return function () {
    return <div></div>;
  };
}
function ComponentProps(props) {
  return function () {
    return <div></div>;
  };
}
function ComponentLocalProps(props) {
  return function () {
    return <div></div>;
  };
}
function ComponentWithin() {
  function Inner() {
    return 1;
  }
  return function () {
    return <div></div>;
  };
}
const ComponentValDefine = function () {
  return function () {
    return <div></div>;
  };
};
const ComponentValDefineWithName = function ComponentValDefineWithNameOfFn() {
  return function () {
    return <div></div>;
  };
};
export default function (props, ctx) {
  return function () {
    return <div>你好啊
            {props.a}
            {ctx.slots.default?.()?.[0]}
        </div>;
  };
}"
`;

exports[`plugin config fn name is ComponentLocalProps or componentValNamed in file endwith tsx for simple.tsx 1`] = `
"import { SetupContext, PropType, defineComponent } from "vue";
const VAL = {
  i: false,
  g: 1
};
type InnerTypes = typeof VAL;
type InnerType2 = {
  c: boolean;
  f: Function;
  fc: (a: InnerType2) => boolean;
};
export interface IProps {
  a: string;
  A: String;
  b: boolean;
  B: Boolean;
  c: number;
  C: Number;
  d: Array<string>;
  D: string[];
  e: Map<string, any>;
  E: {
    [key: string]: any;
  };
  f: InnerTypes;
  h: typeof VAL;
  i: Partial<typeof VAL>;
  j: Symbol;
  k: () => any;
  l: Function;
  m: InnerType2;
}

/******************************* NO TRANSLATE **********************************/
function component() {
  return function () {
    return <div></div>;
  };
}
const componentVal = function () {
  return function () {
    return <div></div>;
  };
};
const componentValNamed = defineComponent({
  name: "componentValNamed",
  setup: function () {
    return function () {
      return <div></div>;
    };
  }
});
/******************************* TRANSLATE **********************************/
function Component() {
  return function () {
    return <div></div>;
  };
}
function ComponentProps(props: IProps) {
  return function () {
    return <div></div>;
  };
}
const ComponentLocalProps = defineComponent({
  name: "ComponentLocalProps",
  props: {
    a: String,
    A: String,
    b: Boolean,
    B: Boolean,
    c: Number,
    C: Number,
    d: (Object as PropType<Array<string>>),
    D: (Object as PropType<string[]>),
    e: (Object as PropType<Map<string, any>>),
    E: (Object as PropType<{
      [key: string]: any;
    }>),
    f: (Object as PropType<InnerTypes>),
    h: (Object as PropType<typeof VAL>),
    i: (Object as PropType<Partial<typeof VAL>>),
    j: (Object as PropType<Symbol>),
    k: (Object as PropType<() => any>),
    l: (Object as PropType<Function>),
    m: (Object as PropType<InnerType2>)
  },
  setup: function (props) {
    return function () {
      return <div></div>;
    };
  }
});
function ComponentWithin(props: any) {
  function Inner() {
    return 1;
  }
  return function () {
    return <div></div>;
  };
}
const ComponentValDefine = function () {
  return function () {
    return <div></div>;
  };
};
const ComponentValDefineWithName = function ComponentValDefineWithNameOfFn(props: {}) {
  return function () {
    return <div></div>;
  };
};
export default function (props: IProps, ctx: SetupContext) {
  return function () {
    return <div>你好啊
            {props.a}
            {ctx.slots.default?.()?.[0]}
        </div>;
  };
}"
`;

exports[`plugin config fn name is ComponentLocalProps or componentValNamed in file endwith tsx for tsfile.ts 1`] = `
"import { SetupContext } from "vue";
const VAL = {
  i: false,
  g: 1
};
type InnerTypes = typeof VAL;
type InnerType2 = {
  c: boolean;
  f: Function;
  fc: (a: InnerType2) => boolean;
};
export interface IProps {
  a: string;
  A: String;
  b: boolean;
  B: Boolean;
  c: number;
  C: Number;
  d: Array<string>;
  D: string[];
  e: Map<string, any>;
  E: {
    [key: string]: any;
  };
  f: InnerTypes;
  h: typeof VAL;
  i: Partial<typeof VAL>;
  j: Symbol;
  k: () => any;
  l: Function;
  m: InnerType2;
}

/******************************* NO TRANSLATE **********************************/
function component() {
  return function () {
    return <div></div>;
  };
}
const componentVal = function () {
  return function () {
    return <div></div>;
  };
};
const componentValNamed = function ComponentValNamed() {
  return function () {
    return <div></div>;
  };
};

/******************************* TRANSLATE **********************************/
function Component() {
  return function () {
    return <div></div>;
  };
}
function ComponentProps(props: IProps) {
  return function () {
    return <div></div>;
  };
}
function ComponentLocalProps(props: {
  a: string;
  A: String;
  b: boolean;
  B: Boolean;
  c: number;
  C: Number;
  d: Array<string>;
  D: string[];
  e: Map<string, any>;
  E: {
    [key: string]: any;
  };
  f: InnerTypes;
  h: typeof VAL;
  i: Partial<typeof VAL>;
  j: Symbol;
  k: () => any;
  l: Function;
  m: InnerType2;
}) {
  return function () {
    return <div></div>;
  };
}
function ComponentWithin() {
  function Inner() {
    return 1;
  }
  return function () {
    return <div></div>;
  };
}
const ComponentValDefine = function () {
  return function () {
    return <div></div>;
  };
};
const ComponentValDefineWithName = function ComponentValDefineWithNameOfFn() {
  return function () {
    return <div></div>;
  };
};
export function Cbbbb(props: {
  a: string;
}) {
  debugger;
  return function () {
    return <view>{props.a}</view>;
  };
}
export default function (props: IProps, ctx: SetupContext) {
  return function () {
    return <div>你好啊
            {props.a}
            {ctx.slots.default?.()?.[0]}
        </div>;
  };
}"
`;

exports[`plugin config fn name is ComponentLocalProps or componentValNamed in file endwith tsx for tsfile-noimport.ts 1`] = `
"type InnerType2 = {
  c: boolean;
  f: Function;
  fc: (a: InnerType2) => boolean;
};
type Alias = InnerType2;
type IProps = Alias;
function ComponentProps(props: Alias) {
  return function () {
    return <div></div>;
  };
}
function ComponentLocalProps(props: {
  a: string;
  A: String;
  b: boolean;
  B: Boolean;
  c: number;
  C: Number;
  d: Array<string>;
  D: string[];
  e: Map<string, any>;
  E: {
    [key: string]: any;
  };
  f: InnerTypes;
  h: typeof VAL;
  i: Partial<typeof VAL>;
  j: Symbol;
  k: () => any;
  l: Function;
  m: InnerType2;
}) {
  return function () {
    return <div></div>;
  };
}
export function Cbbbb(props: {
  a: string;
}) {
  debugger;
  return function () {
    return <view>{props.a}</view>;
  };
}
export default function (props: IProps, ctx: SetupContext) {
  return function () {
    return <div>你好啊
            {props.a}
            {ctx.slots.default?.()?.[0]}
        </div>;
  };
}"
`;

exports[`plugin config fn name is ComponentLocalProps or componentValNamed or default for jsfile.js 1`] = `
"import { SetupContext } from "vue";

/******************************* NO TRANSLATE **********************************/
function component() {
  return function () {
    return <div></div>;
  };
}
const componentVal = function () {
  return function () {
    return <div></div>;
  };
};
const componentValNamed = function ComponentValNamed() {
  return function () {
    return <div></div>;
  };
};
function Component() {
  return function () {
    return <div></div>;
  };
}
function ComponentProps(props) {
  return function () {
    return <div></div>;
  };
}
function ComponentLocalProps(props) {
  return function () {
    return <div></div>;
  };
}
function ComponentWithin() {
  function Inner() {
    return 1;
  }
  return function () {
    return <div></div>;
  };
}
const ComponentValDefine = function () {
  return function () {
    return <div></div>;
  };
};
const ComponentValDefineWithName = function ComponentValDefineWithNameOfFn() {
  return function () {
    return <div></div>;
  };
};
export default function (props, ctx) {
  return function () {
    return <div>你好啊
            {props.a}
            {ctx.slots.default?.()?.[0]}
        </div>;
  };
}"
`;

exports[`plugin config fn name is ComponentLocalProps or componentValNamed or default for simple.tsx 1`] = `
"import { SetupContext, PropType, defineComponent } from "vue";
const VAL = {
  i: false,
  g: 1
};
type InnerTypes = typeof VAL;
type InnerType2 = {
  c: boolean;
  f: Function;
  fc: (a: InnerType2) => boolean;
};
export interface IProps {
  a: string;
  A: String;
  b: boolean;
  B: Boolean;
  c: number;
  C: Number;
  d: Array<string>;
  D: string[];
  e: Map<string, any>;
  E: {
    [key: string]: any;
  };
  f: InnerTypes;
  h: typeof VAL;
  i: Partial<typeof VAL>;
  j: Symbol;
  k: () => any;
  l: Function;
  m: InnerType2;
}

/******************************* NO TRANSLATE **********************************/
function component() {
  return function () {
    return <div></div>;
  };
}
const componentVal = function () {
  return function () {
    return <div></div>;
  };
};
const componentValNamed = defineComponent({
  name: "componentValNamed",
  setup: function () {
    return function () {
      return <div></div>;
    };
  }
});
/******************************* TRANSLATE **********************************/
function Component() {
  return function () {
    return <div></div>;
  };
}
function ComponentProps(props: IProps) {
  return function () {
    return <div></div>;
  };
}
const ComponentLocalProps = defineComponent({
  name: "ComponentLocalProps",
  props: {
    a: String,
    A: String,
    b: Boolean,
    B: Boolean,
    c: Number,
    C: Number,
    d: (Object as PropType<Array<string>>),
    D: (Object as PropType<string[]>),
    e: (Object as PropType<Map<string, any>>),
    E: (Object as PropType<{
      [key: string]: any;
    }>),
    f: (Object as PropType<InnerTypes>),
    h: (Object as PropType<typeof VAL>),
    i: (Object as PropType<Partial<typeof VAL>>),
    j: (Object as PropType<Symbol>),
    k: (Object as PropType<() => any>),
    l: (Object as PropType<Function>),
    m: (Object as PropType<InnerType2>)
  },
  setup: function (props) {
    return function () {
      return <div></div>;
    };
  }
});
function ComponentWithin(props: any) {
  function Inner() {
    return 1;
  }
  return function () {
    return <div></div>;
  };
}
const ComponentValDefine = function () {
  return function () {
    return <div></div>;
  };
};
const ComponentValDefineWithName = function ComponentValDefineWithNameOfFn(props: {}) {
  return function () {
    return <div></div>;
  };
};
export default defineComponent({
  name: "simple",
  props: {
    a: String,
    A: String,
    b: Boolean,
    B: Boolean,
    c: Number,
    C: Number,
    d: (Object as PropType<Array<string>>),
    D: (Object as PropType<string[]>),
    e: (Object as PropType<Map<string, any>>),
    E: (Object as PropType<{
      [key: string]: any;
    }>),
    f: (Object as PropType<InnerTypes>),
    h: (Object as PropType<typeof VAL>),
    i: (Object as PropType<Partial<typeof VAL>>),
    j: (Object as PropType<Symbol>),
    k: (Object as PropType<() => any>),
    l: (Object as PropType<Function>),
    m: (Object as PropType<InnerType2>)
  },
  setup: function (props, ctx: SetupContext) {
    return function () {
      return <div>你好啊
            {props.a}
            {ctx.slots.default?.()?.[0]}
        </div>;
    };
  }
});"
`;

exports[`plugin config fn name is ComponentLocalProps or componentValNamed or default for tsfile.ts 1`] = `
"import { SetupContext } from "vue";
const VAL = {
  i: false,
  g: 1
};
type InnerTypes = typeof VAL;
type InnerType2 = {
  c: boolean;
  f: Function;
  fc: (a: InnerType2) => boolean;
};
export interface IProps {
  a: string;
  A: String;
  b: boolean;
  B: Boolean;
  c: number;
  C: Number;
  d: Array<string>;
  D: string[];
  e: Map<string, any>;
  E: {
    [key: string]: any;
  };
  f: InnerTypes;
  h: typeof VAL;
  i: Partial<typeof VAL>;
  j: Symbol;
  k: () => any;
  l: Function;
  m: InnerType2;
}

/******************************* NO TRANSLATE **********************************/
function component() {
  return function () {
    return <div></div>;
  };
}
const componentVal = function () {
  return function () {
    return <div></div>;
  };
};
const componentValNamed = function ComponentValNamed() {
  return function () {
    return <div></div>;
  };
};

/******************************* TRANSLATE **********************************/
function Component() {
  return function () {
    return <div></div>;
  };
}
function ComponentProps(props: IProps) {
  return function () {
    return <div></div>;
  };
}
function ComponentLocalProps(props: {
  a: string;
  A: String;
  b: boolean;
  B: Boolean;
  c: number;
  C: Number;
  d: Array<string>;
  D: string[];
  e: Map<string, any>;
  E: {
    [key: string]: any;
  };
  f: InnerTypes;
  h: typeof VAL;
  i: Partial<typeof VAL>;
  j: Symbol;
  k: () => any;
  l: Function;
  m: InnerType2;
}) {
  return function () {
    return <div></div>;
  };
}
function ComponentWithin() {
  function Inner() {
    return 1;
  }
  return function () {
    return <div></div>;
  };
}
const ComponentValDefine = function () {
  return function () {
    return <div></div>;
  };
};
const ComponentValDefineWithName = function ComponentValDefineWithNameOfFn() {
  return function () {
    return <div></div>;
  };
};
export function Cbbbb(props: {
  a: string;
}) {
  debugger;
  return function () {
    return <view>{props.a}</view>;
  };
}
export default function (props: IProps, ctx: SetupContext) {
  return function () {
    return <div>你好啊
            {props.a}
            {ctx.slots.default?.()?.[0]}
        </div>;
  };
}"
`;

exports[`plugin config fn name is ComponentLocalProps or componentValNamed or default for tsfile-noimport.ts 1`] = `
"type InnerType2 = {
  c: boolean;
  f: Function;
  fc: (a: InnerType2) => boolean;
};
type Alias = InnerType2;
type IProps = Alias;
function ComponentProps(props: Alias) {
  return function () {
    return <div></div>;
  };
}
function ComponentLocalProps(props: {
  a: string;
  A: String;
  b: boolean;
  B: Boolean;
  c: number;
  C: Number;
  d: Array<string>;
  D: string[];
  e: Map<string, any>;
  E: {
    [key: string]: any;
  };
  f: InnerTypes;
  h: typeof VAL;
  i: Partial<typeof VAL>;
  j: Symbol;
  k: () => any;
  l: Function;
  m: InnerType2;
}) {
  return function () {
    return <div></div>;
  };
}
export function Cbbbb(props: {
  a: string;
}) {
  debugger;
  return function () {
    return <view>{props.a}</view>;
  };
}
export default function (props: IProps, ctx: SetupContext) {
  return function () {
    return <div>你好啊
            {props.a}
            {ctx.slots.default?.()?.[0]}
        </div>;
  };
}"
`;
